2026-06-04 12:02:51,742 [INFO] core.rtsp_manager: RTSPManager: подключение к test_video3.mp4
2026-06-04 12:02:51,742 [INFO] core.rtsp_manager: RTSPManager: запущен, источник: test_video3.mp4
2026-06-04 12:02:51,961 [INFO] __main__: Сервер запущен: http://localhost:8000
2026-06-04 12:03:02,015 [INFO] __main__: Поток захвата запущен (FPS=25.0)
2026-06-04 12:03:02,280 [WARNING] core.rtsp_manager: RTSPManager: попытка 1 не удалась, пауза 1 сек
2026-06-04 12:03:03,288 [INFO] core.rtsp_manager: RTSPManager: подключение к test_video3.mp4
2026-06-04 12:03:13,459 [WARNING] core.rtsp_manager: RTSPManager: попытка 2 не удалась, пауза 2 сек
2026-06-04 12:03:15,477 [INFO] core.rtsp_manager: RTSPManager: подключение к test_video3.mp4
2026-06-04 12:03:25,603 [WARNING] core.rtsp_manager: RTSPManager: попытка 3 не удалась, пауза 4 сек
2026-06-04 12:03:29,605 [INFO] core.rtsp_manager: RTSPManager: подключение к test_video3.mp4
2026-06-04 12:03:39,707 [WARNING] core.rtsp_manager: RTSPManager: попытка 4 не удалась, пауза 8 сек
2026-06-04 12:03:47,717 [INFO] core.rtsp_manager: RTSPManager: подключение к test_video3.mp4
2026-06-04 12:03:57,813 [WARNING] core.rtsp_manager: RTSPManager: попытка 5 не удалась, пауза 16 сек
2026-06-04 12:04:13,821 [INFO] core.rtsp_manager: RTSPManager: подключение к test_video3.mp4
2026-06-04 12:04:23,895 [WARNING] core.rtsp_manager: RTSPManager: попытка 6 не удалась, пауза 30 сек
2026-06-04 12:04:53,898 [INFO] core.rtsp_manager: RTSPManager: подключение к test_video3.mp4
2026-06-04 12:05:03,982 [WARNING] core.rtsp_manager: RTSPManager: попытка 7 не удалась, пауза 30 сек
2026-06-04 12:05:33,997 [INFO] core.rtsp_manager: RTSPManager: подключение к test_video3.mp4
2026-06-04 12:05:44,158 [WARNING] core.rtsp_manager: RTSPManager: попытка 8 не удалась, пауза 30 сек
2026-06-04 12:06:14,163 [INFO] core.rtsp_manager: RTSPManager: подключение к test_video3.mp4
2026-06-04 12:06:24,286 [WARNING] core.rtsp_manager: RTSPManager: попытка 9 не удалась, пауза 30 сек
2026-06-04 12:06:47,729 [INFO] core.rtsp_manager: RTSPManager: подключение к test_videos/test_video3.mp4
2026-06-04 12:06:47,730 [INFO] core.rtsp_manager: RTSPManager: запущен, источник: test_videos/test_video3.mp4
2026-06-04 12:06:47,733 [INFO] __main__: Сервер запущен: http://localhost:8000
2026-06-04 12:06:47,835 [INFO] core.rtsp_manager: RTSPManager: подключено (FPS=30.0, источник=test_videos/test_video3.mp4)
2026-06-04 12:06:47,842 [INFO] core.rtsp_manager: RTSPManager: остановлен
2026-06-04 12:06:50,851 [INFO] __main__: Сервер остановлен
2026-06-04 12:06:54,297 [INFO] core.rtsp_manager: RTSPManager: подключение к test_video3.mp4
2026-06-04 12:07:04,385 [WARNING] core.rtsp_manager: RTSPManager: попытка 10 не удалась, пауза 30 сек
2026-06-04 12:07:09,366 [INFO] core.rtsp_manager: RTSPManager: подключение к test_videos/test_video3.mp4
2026-06-04 12:07:09,366 [INFO] core.rtsp_manager: RTSPManager: запущен, источник: test_videos/test_video3.mp4
2026-06-04 12:07:09,370 [INFO] __main__: Сервер запущен: http://localhost:8000
2026-06-04 12:07:09,407 [INFO] core.rtsp_manager: RTSPManager: подключено (FPS=30.0, источник=test_videos/test_video3.mp4)
2026-06-04 12:07:09,413 [INFO] core.rtsp_manager: RTSPManager: остановлен
2026-06-04 12:07:12,428 [INFO] __main__: Сервер остановлен
2026-06-04 12:07:27,508 [INFO] core.rtsp_manager: RTSPManager: запущен, источник: test_videos/test_video3.mp4
2026-06-04 12:07:27,515 [INFO] __main__: Сервер запущен: http://localhost:8000
2026-06-04 12:07:27,589 [INFO] core.rtsp_manager: RTSPManager: остановлен
2026-06-04 12:07:30,602 [INFO] __main__: Сервер остановлен
2026-06-04 12:07:34,400 [INFO] core.rtsp_manager: RTSPManager: подключение к test_video3.mp4
2026-06-04 12:07:43,358 [INFO] core.rtsp_manager: RTSPManager: подключение к test_videos/test_video3.mp4
2026-06-04 12:07:43,358 [INFO] core.rtsp_manager: RTSPManager: запущен, источник: test_videos/test_video3.mp4
2026-06-04 12:07:43,362 [INFO] __main__: Сервер запущен: http://localhost:8000
2026-06-04 12:07:43,398 [INFO] core.rtsp_manager: RTSPManager: подключено (FPS=30.0, источник=test_videos/test_video3.mp4)
2026-06-04 12:07:43,404 [INFO] core.rtsp_manager: RTSPManager: остановлен
2026-06-04 12:07:44,483 [WARNING] core.rtsp_manager: RTSPManager: попытка 11 не удалась, пауза 30 сек
2026-06-04 12:07:46,420 [INFO] __main__: Сервер остановлен
2026-06-04 12:08:14,496 [INFO] core.rtsp_manager: RTSPManager: подключение к test_video3.mp4
2026-06-04 12:08:24,581 [WARNING] core.rtsp_manager: RTSPManager: попытка 12 не удалась, пауза 30 сек
2026-06-04 12:09:05,369 [INFO] core.rtsp_manager: RTSPManager: подключение к test_videos/test_video3.mp4
2026-06-04 12:09:05,369 [INFO] core.rtsp_manager: RTSPManager: запущен, источник: test_videos/test_video3.mp4
2026-06-04 12:09:05,372 [INFO] __main__: Сервер запущен: http://localhost:8000
2026-06-04 12:09:05,411 [INFO] core.rtsp_manager: RTSPManager: подключено (FPS=30.0, источник=test_videos/test_video3.mp4)
2026-06-04 12:09:05,575 [INFO] __main__: Поток захвата запущен (FPS=30.0)
2026-06-04 12:09:14,925 [INFO] core.anomaly_detector: AnomalyDetector: состояние сброшено
2026-06-04 12:09:19,425 [INFO] core.incremental_trainer: Предложена разметка: 20260604_120919_2_1.00_person.jpg (консенсус 100%)
2026-06-04 12:09:23,694 [INFO] core.anomaly_detector: AnomalyDetector: состояние сброшено
2026-06-04 12:09:31,065 [INFO] core.rtsp_manager: RTSPManager: источник изменён: test_videos/test_video3.mp4 -> test_videos/test_video3.mp4
2026-06-04 12:09:33,916 [INFO] core.anomaly_detector: AnomalyDetector: состояние сброшено
2026-06-04 12:09:35,375 [INFO] core.anomaly_detector: AnomalyDetector: состояние сброшено
2026-06-04 12:09:36,689 [INFO] core.anomaly_detector: AnomalyDetector: состояние сброшено
2026-06-04 12:09:37,040 [INFO] core.incremental_trainer: Предложена разметка: 20260604_120937_2_1.00_person.jpg (консенсус 100%)
2026-06-04 12:09:43,970 [ERROR] asyncio: Exception in callback _ProactorBasePipeTransport._call_connection_lost(None)
handle: <Handle _ProactorBasePipeTransport._call_connection_lost(None)>
Traceback (most recent call last):
  File "C:\Users\nkoro\AppData\Local\Programs\Python\Python310\lib\asyncio\events.py", line 80, in _run
    self._context.run(self._callback, *self._args)
  File "C:\Users\nkoro\AppData\Local\Programs\Python\Python310\lib\asyncio\proactor_events.py", line 165, in _call_connection_lost
    self._sock.shutdown(socket.SHUT_RDWR)
ConnectionResetError: [WinError 10054] Удаленный хост принудительно разорвал существующее подключение
2026-06-04 12:09:47,461 [INFO] core.incremental_trainer: Предложена разметка: 20260604_120947_2_1.00_person.jpg (консенсус 100%)
2026-06-04 12:09:55,998 [INFO] core.incremental_trainer: Предложена разметка: 20260604_120955_7_2.00_person.jpg (консенсус 100%)
2026-06-04 12:09:57,356 [INFO] core.incremental_trainer: Предложена разметка: 20260604_120957_2_1.00_person.jpg (консенсус 100%)
2026-06-04 12:10:10,226 [INFO] core.incremental_trainer: Предложена разметка: 20260604_121010_2_1.00_person.jpg (консенсус 100%)
2026-06-04 12:10:19,075 [INFO] core.incremental_trainer: Предложена разметка: 20260604_121019_2_1.00_person.jpg (консенсус 100%)
2026-06-04 12:10:24,512 [INFO] core.incremental_trainer: Предложена разметка: 20260604_121024_2_1.00_person.jpg (консенсус 100%)
2026-06-04 12:10:27,641 [INFO] core.incremental_trainer: Предложена разметка: 20260604_121027_2_1.00_person.jpg (консенсус 100%)
2026-06-04 12:10:36,739 [INFO] core.anomaly_detector: АНОМАЛИЯ: человек без авто ID=2, 60 сек
2026-06-04 12:10:36,758 [INFO] __main__: Событие: Человек без автомобиля | зона=None | person ID:2 conf:0.9
2026-06-04 12:10:39,449 [INFO] core.incremental_trainer: Предложена разметка: 20260604_121039_7_2.00_person.jpg (консенсус 100%)
2026-06-04 12:10:40,436 [INFO] core.incremental_trainer: Предложена разметка: 20260604_121040_2_1.00_person.jpg (консенсус 100%)
2026-06-04 12:10:48,350 [INFO] core.incremental_trainer: Предложена разметка: 20260604_121048_7_2.00_person.jpg (консенсус 100%)
2026-06-04 12:10:49,161 [INFO] core.incremental_trainer: Предложена разметка: 20260604_121049_2_1.00_person.jpg (консенсус 100%)
2026-06-04 12:10:55,866 [INFO] core.incremental_trainer: Предложена разметка: 20260604_121055_7_2.00_person.jpg (консенсус 100%)
2026-06-04 12:10:57,182 [INFO] core.incremental_trainer: Предложена разметка: 20260604_121057_2_1.00_person.jpg (консенсус 100%)
2026-06-04 12:11:03,121 [INFO] core.incremental_trainer: Предложена разметка: 20260604_121103_5_2.00_person.jpg (консенсус 100%)
2026-06-04 12:11:04,213 [INFO] core.incremental_trainer: Предложена разметка: 20260604_121104_7_2.00_person.jpg (консенсус 100%)
2026-06-04 12:11:05,495 [INFO] core.incremental_trainer: Предложена разметка: 20260604_121105_2_1.00_person.jpg (консенсус 100%)
2026-06-04 12:11:13,476 [INFO] core.incremental_trainer: Предложена разметка: 20260604_121113_7_2.00_person.jpg (консенсус 100%)
2026-06-04 12:11:14,687 [INFO] core.incremental_trainer: Предложена разметка: 20260604_121114_2_1.00_person.jpg (консенсус 100%)
2026-06-04 12:11:22,428 [INFO] core.incremental_trainer: Предложена разметка: 20260604_121122_7_2.00_person.jpg (консенсус 100%)
2026-06-04 12:11:23,721 [INFO] core.incremental_trainer: Предложена разметка: 20260604_121123_2_1.00_person.jpg (консенсус 100%)
2026-06-04 12:11:31,412 [INFO] core.incremental_trainer: Предложена разметка: 20260604_121131_7_2.00_person.jpg (консенсус 100%)
2026-06-04 12:11:32,235 [INFO] core.incremental_trainer: Предложена разметка: 20260604_121132_2_1.00_person.jpg (консенсус 100%)
2026-06-04 12:11:36,831 [INFO] core.anomaly_detector: АНОМАЛИЯ: человек без авто ID=7, 120 сек
2026-06-04 12:11:36,896 [INFO] __main__: Событие: Человек без автомобиля | зона=None | person ID:7 conf:0.9
2026-06-04 12:11:38,908 [INFO] core.incremental_trainer: Предложена разметка: 20260604_121138_7_2.00_person.jpg (консенсус 100%)
2026-06-04 12:11:40,744 [INFO] core.incremental_trainer: Предложена разметка: 20260604_121140_2_1.00_person.jpg (консенсус 100%)
2026-06-04 12:11:46,842 [INFO] core.incremental_trainer: Предложена разметка: 20260604_121146_2_1.00_person.jpg (консенсус 100%)
2026-06-04 12:11:48,893 [INFO] core.incremental_trainer: Предложена разметка: 20260604_121148_2_1.00_person.jpg (консенсус 100%)
2026-06-04 12:11:56,230 [INFO] core.incremental_trainer: Предложена разметка: 20260604_121156_7_2.00_person.jpg (консенсус 100%)
2026-06-04 12:11:57,720 [INFO] core.incremental_trainer: Предложена разметка: 20260604_121157_2_1.00_person.jpg (консенсус 100%)
2026-06-04 12:12:06,833 [INFO] core.incremental_trainer: Предложена разметка: 20260604_121206_5_2.00_person.jpg (консенсус 100%)
2026-06-04 12:12:08,818 [INFO] core.incremental_trainer: Предложена разметка: 20260604_121208_7_2.00_person.jpg (консенсус 100%)
2026-06-04 12:12:10,271 [INFO] core.incremental_trainer: Предложена разметка: 20260604_121210_2_1.00_person.jpg (консенсус 100%)
2026-06-04 12:12:19,818 [INFO] core.incremental_trainer: Предложена разметка: 20260604_121219_7_2.00_person.jpg (консенсус 100%)
2026-06-04 12:12:21,525 [INFO] core.incremental_trainer: Предложена разметка: 20260604_121221_2_1.00_person.jpg (консенсус 100%)
2026-06-04 12:12:31,279 [INFO] core.anomaly_detector: AnomalyDetector: состояние сброшено
2026-06-04 12:17:25,720 [INFO] core.rtsp_manager: RTSPManager: подключение к rtsp://10.12.171.89:8554/live/phone
2026-06-04 12:17:25,720 [INFO] core.rtsp_manager: RTSPManager: запущен, источник: rtsp://10.12.171.89:8554/live/phone
2026-06-04 12:17:25,736 [INFO] __main__: Сервер запущен: http://localhost:8000
2026-06-04 12:17:35,883 [INFO] __main__: Поток захвата запущен (FPS=25.0)
2026-06-04 12:18:05,801 [WARNING] core.rtsp_manager: RTSPManager: попытка 1 не удалась, пауза 1 сек
2026-06-04 12:18:06,814 [INFO] core.rtsp_manager: RTSPManager: подключение к rtsp://10.12.171.89:8554/live/phone
2026-06-04 12:18:46,892 [WARNING] core.rtsp_manager: RTSPManager: попытка 2 не удалась, пауза 2 сек
2026-06-04 12:18:48,895 [INFO] core.rtsp_manager: RTSPManager: подключение к rtsp://10.12.171.89:8554/live/phone
2026-06-04 12:19:29,012 [WARNING] core.rtsp_manager: RTSPManager: попытка 3 не удалась, пауза 4 сек
2026-06-04 12:19:33,021 [INFO] core.rtsp_manager: RTSPManager: подключение к rtsp://10.12.171.89:8554/live/phone
2026-06-04 12:20:04,523 [WARNING] core.rtsp_manager: RTSPManager: попытка 4 не удалась, пауза 8 сек
2026-06-04 12:20:12,528 [INFO] core.rtsp_manager: RTSPManager: подключение к rtsp://10.12.171.89:8554/live/phone
2026-06-04 12:20:22,693 [WARNING] core.rtsp_manager: RTSPManager: попытка 5 не удалась, пауза 16 сек
2026-06-04 12:20:38,694 [INFO] core.rtsp_manager: RTSPManager: подключение к rtsp://10.12.171.89:8554/live/phone
2026-06-04 12:20:48,778 [WARNING] core.rtsp_manager: RTSPManager: попытка 6 не удалась, пауза 30 сек
2026-06-04 12:21:18,785 [INFO] core.rtsp_manager: RTSPManager: подключение к rtsp://10.12.171.89:8554/live/phone
2026-06-04 12:21:28,879 [WARNING] core.rtsp_manager: RTSPManager: попытка 7 не удалась, пауза 30 сек
2026-06-04 12:21:58,882 [INFO] core.rtsp_manager: RTSPManager: подключение к rtsp://10.12.171.89:8554/live/phone
2026-06-04 12:22:09,059 [WARNING] core.rtsp_manager: RTSPManager: попытка 8 не удалась, пауза 30 сек
2026-06-04 12:22:48,637 [INFO] core.rtsp_manager: RTSPManager: подключение к rtsp://10.16.234.232:8554/live/phone
2026-06-04 12:22:48,637 [INFO] core.rtsp_manager: RTSPManager: запущен, источник: rtsp://10.16.234.232:8554/live/phone
2026-06-04 12:22:48,642 [INFO] __main__: Сервер запущен: http://localhost:8000
2026-06-04 12:22:58,683 [INFO] __main__: Поток захвата запущен (FPS=25.0)
2026-06-04 12:23:28,776 [WARNING] core.rtsp_manager: RTSPManager: попытка 1 не удалась, пауза 1 сек
2026-06-04 12:23:29,788 [INFO] core.rtsp_manager: RTSPManager: подключение к rtsp://10.16.234.232:8554/live/phone
2026-06-04 12:24:09,988 [WARNING] core.rtsp_manager: RTSPManager: попытка 2 не удалась, пауза 2 сек
2026-06-04 12:24:11,993 [INFO] core.rtsp_manager: RTSPManager: подключение к rtsp://10.16.234.232:8554/live/phone
2026-06-04 12:24:52,092 [WARNING] core.rtsp_manager: RTSPManager: попытка 3 не удалась, пауза 4 сек
2026-06-04 12:24:56,097 [INFO] core.rtsp_manager: RTSPManager: подключение к rtsp://10.16.234.232:8554/live/phone
2026-06-04 12:25:36,213 [WARNING] core.rtsp_manager: RTSPManager: попытка 4 не удалась, пауза 8 сек
2026-06-04 12:25:44,222 [INFO] core.rtsp_manager: RTSPManager: подключение к rtsp://10.16.234.232:8554/live/phone
2026-06-04 12:26:24,249 [WARNING] core.rtsp_manager: RTSPManager: попытка 5 не удалась, пауза 16 сек
2026-06-04 12:26:40,259 [INFO] core.rtsp_manager: RTSPManager: подключение к rtsp://10.16.234.232:8554/live/phone
2026-06-04 12:27:20,410 [WARNING] core.rtsp_manager: RTSPManager: попытка 6 не удалась, пауза 30 сек
2026-06-04 12:27:50,415 [INFO] core.rtsp_manager: RTSPManager: подключение к rtsp://10.16.234.232:8554/live/phone
2026-06-04 12:28:00,519 [WARNING] core.rtsp_manager: RTSPManager: попытка 7 не удалась, пауза 30 сек
2026-06-04 12:28:30,526 [INFO] core.rtsp_manager: RTSPManager: подключение к rtsp://10.16.234.232:8554/live/phone
2026-06-04 12:28:33,003 [INFO] core.rtsp_manager: RTSPManager: подключено (FPS=30.0, источник=rtsp://10.16.234.232:8554/live/phone)
2026-06-04 12:29:22,622 [INFO] core.rtsp_manager: RTSPManager: подключение к rtsp://10.16.234.232:8554/live/phone
2026-06-04 12:29:22,622 [INFO] core.rtsp_manager: RTSPManager: запущен, источник: rtsp://10.16.234.232:8554/live/phone
2026-06-04 12:29:22,627 [INFO] __main__: Сервер запущен: http://localhost:8000
2026-06-04 12:29:24,831 [INFO] core.rtsp_manager: RTSPManager: подключено (FPS=30.0, источник=rtsp://10.16.234.232:8554/live/phone)
2026-06-04 12:29:24,866 [INFO] __main__: Поток захвата запущен (FPS=30.0)
2026-06-04 12:29:38,531 [INFO] core.anomaly_detector: AnomalyDetector: состояние сброшено
2026-06-04 12:30:01,119 [WARNING] core.rtsp_manager: RTSPManager: 5 подряд неудачных чтений, переподключение
2026-06-04 12:30:01,153 [INFO] core.rtsp_manager: RTSPManager: подключение к rtsp://10.16.234.232:8554/live/phone
2026-06-04 12:30:03,736 [INFO] core.anomaly_detector: AnomalyDetector: состояние сброшено
2026-06-04 12:30:05,940 [INFO] core.anomaly_detector: AnomalyDetector: состояние сброшено
2026-06-04 12:30:06,109 [INFO] core.anomaly_detector: AnomalyDetector: состояние сброшено
2026-06-04 12:30:06,300 [INFO] core.anomaly_detector: AnomalyDetector: состояние сброшено
2026-06-04 12:30:06,432 [INFO] core.anomaly_detector: AnomalyDetector: состояние сброшено
2026-06-04 12:30:10,827 [INFO] core.anomaly_detector: AnomalyDetector: состояние сброшено
2026-06-04 12:30:10,990 [INFO] core.anomaly_detector: AnomalyDetector: состояние сброшено
2026-06-04 12:30:11,172 [WARNING] core.rtsp_manager: RTSPManager: попытка 1 не удалась, пауза 1 сек
2026-06-04 12:30:12,182 [INFO] core.rtsp_manager: RTSPManager: подключение к rtsp://10.16.234.232:8554/live/phone
2026-06-04 12:30:22,222 [WARNING] core.rtsp_manager: RTSPManager: попытка 2 не удалась, пауза 2 сек
2026-06-04 12:30:24,228 [INFO] core.rtsp_manager: RTSPManager: подключение к rtsp://10.16.234.232:8554/live/phone
2026-06-04 12:30:34,321 [WARNING] core.rtsp_manager: RTSPManager: попытка 3 не удалась, пауза 4 сек
2026-06-04 12:30:38,336 [INFO] core.rtsp_manager: RTSPManager: подключение к rtsp://10.16.234.232:8554/live/phone
2026-06-04 12:30:48,344 [WARNING] core.rtsp_manager: RTSPManager: попытка 4 не удалась, пауза 8 сек
2026-06-04 12:30:56,354 [INFO] core.rtsp_manager: RTSPManager: подключение к rtsp://10.16.234.232:8554/live/phone
2026-06-04 12:31:06,384 [WARNING] core.rtsp_manager: RTSPManager: попытка 5 не удалась, пауза 16 сек
2026-06-04 12:31:22,389 [INFO] core.rtsp_manager: RTSPManager: подключение к rtsp://10.16.234.232:8554/live/phone
2026-06-04 12:31:32,408 [WARNING] core.rtsp_manager: RTSPManager: попытка 6 не удалась, пауза 30 сек
2026-06-04 12:32:02,414 [INFO] core.rtsp_manager: RTSPManager: подключение к rtsp://10.16.234.232:8554/live/phone
2026-06-04 12:32:12,503 [WARNING] core.rtsp_manager: RTSPManager: попытка 7 не удалась, пауза 30 сек
2026-06-04 12:32:42,510 [INFO] core.rtsp_manager: RTSPManager: подключение к rtsp://10.16.234.232:8554/live/phone
2026-06-05 00:58:29,028 [INFO] core.rtsp_manager: RTSPManager: подключение к [test_videos/test_video3.mp4]
2026-06-05 00:58:29,029 [INFO] core.rtsp_manager: RTSPManager: запущен [test_videos/test_video3.mp4]
2026-06-05 00:58:29,049 [INFO] __main__: Поток захвата запущен
2026-06-05 00:58:29,049 [INFO] __main__: Сервер запущен
2026-06-05 00:58:29,128 [INFO] core.rtsp_manager: RTSPManager: подключено FPS=30.0 [test_videos/test_video3.mp4]
2026-06-05 00:58:50,913 [INFO] core.anomaly_detector: AnomalyDetector: состояние сброшено
2026-06-05 00:58:55,478 [INFO] core.incremental_trainer: Предложена разметка: 20260605_005855_5_2.00_person.jpg (консенсус 100%)
2026-06-05 00:58:55,643 [INFO] core.incremental_trainer: Предложена разметка: 20260605_005855_2_1.00_person.jpg (консенсус 100%)
2026-06-05 00:58:56,528 [INFO] core.incremental_trainer: Предложена разметка: 20260605_005856_7_2.00_person.jpg (консенсус 100%)
2026-06-05 00:58:57,158 [INFO] core.incremental_trainer: Предложена разметка: 20260605_005857_7_2.00_person.jpg (консенсус 100%)
2026-06-05 00:58:58,377 [INFO] core.incremental_trainer: Предложена разметка: 20260605_005858_2_1.00_person.jpg (консенсус 100%)
2026-06-05 00:59:04,304 [INFO] core.incremental_trainer: Предложена разметка: 20260605_005904_5_3.00_person.jpg (консенсус 100%)
2026-06-05 00:59:05,793 [INFO] core.incremental_trainer: Предложена разметка: 20260605_005905_7_3.00_person.jpg (консенсус 100%)
2026-06-05 00:59:06,719 [INFO] core.incremental_trainer: Предложена разметка: 20260605_005906_2_1.00_person.jpg (консенсус 100%)
2026-06-05 00:59:11,737 [INFO] core.incremental_trainer: Предложена разметка: 20260605_005911_5_3.00_person.jpg (консенсус 100%)
2026-06-05 00:59:12,471 [INFO] core.incremental_trainer: Предложена разметка: 20260605_005912_7_3.00_person.jpg (консенсус 100%)
2026-06-05 00:59:12,881 [INFO] core.incremental_trainer: Предложена разметка: 20260605_005912_7_3.00_person.jpg (консенсус 100%)
2026-06-05 00:59:13,770 [INFO] core.incremental_trainer: Предложена разметка: 20260605_005913_2_1.00_person.jpg (консенсус 100%)
2026-06-05 00:59:18,220 [INFO] core.incremental_trainer: Предложена разметка: 20260605_005918_5_6.00_person.jpg (консенсус 100%)
2026-06-05 00:59:18,292 [INFO] core.incremental_trainer: Предложена разметка: 20260605_005918_2_1.00_person.jpg (консенсус 100%)
2026-06-05 00:59:18,930 [INFO] core.incremental_trainer: Предложена разметка: 20260605_005918_7_6.00_person.jpg (консенсус 100%)
2026-06-05 00:59:19,344 [INFO] core.incremental_trainer: Предложена разметка: 20260605_005919_7_6.00_person.jpg (консенсус 100%)
2026-06-05 00:59:20,361 [INFO] core.incremental_trainer: Предложена разметка: 20260605_005920_2_1.00_person.jpg (консенсус 100%)
2026-06-05 00:59:25,231 [INFO] core.incremental_trainer: Предложена разметка: 20260605_005925_5_7.00_person.jpg (консенсус 100%)
2026-06-05 00:59:25,987 [INFO] core.incremental_trainer: Предложена разметка: 20260605_005925_7_7.00_person.jpg (консенсус 100%)
2026-06-05 00:59:26,390 [INFO] core.incremental_trainer: Предложена разметка: 20260605_005926_7_7.00_person.jpg (консенсус 100%)
2026-06-05 00:59:27,318 [INFO] core.incremental_trainer: Предложена разметка: 20260605_005927_2_1.00_person.jpg (консенсус 100%)
2026-06-05 00:59:32,454 [INFO] core.incremental_trainer: Предложена разметка: 20260605_005932_2_1.00_person.jpg (консенсус 100%)
2026-06-05 00:59:33,518 [INFO] core.incremental_trainer: Предложена разметка: 20260605_005933_7_8.00_person.jpg (консенсус 100%)
2026-06-05 00:59:35,060 [INFO] core.incremental_trainer: Предложена разметка: 20260605_005935_2_1.00_person.jpg (консенсус 100%)
2026-06-05 00:59:39,759 [INFO] core.incremental_trainer: Предложена разметка: 20260605_005939_5_10.00_person.jpg (консенсус 100%)
2026-06-05 00:59:41,438 [INFO] core.incremental_trainer: Предложена разметка: 20260605_005941_7_10.00_person.jpg (консенсус 100%)
2026-06-05 00:59:42,283 [INFO] core.incremental_trainer: Предложена разметка: 20260605_005942_2_1.00_person.jpg (консенсус 100%)
2026-06-05 00:59:43,304 [INFO] core.incremental_trainer: Предложена разметка: 20260605_005943_7_10.00_person.jpg (консенсус 100%)
2026-06-05 00:59:44,408 [INFO] core.incremental_trainer: Предложена разметка: 20260605_005944_5_10.00_person.jpg (консенсус 100%)
2026-06-05 00:59:47,769 [ERROR] asyncio: Exception in callback _ProactorBasePipeTransport._call_connection_lost(None)
handle: <Handle _ProactorBasePipeTransport._call_connection_lost(None)>
Traceback (most recent call last):
  File "C:\Users\nkoro\AppData\Local\Programs\Python\Python310\lib\asyncio\events.py", line 80, in _run
    self._context.run(self._callback, *self._args)
  File "C:\Users\nkoro\AppData\Local\Programs\Python\Python310\lib\asyncio\proactor_events.py", line 165, in _call_connection_lost
    self._sock.shutdown(socket.SHUT_RDWR)
ConnectionResetError: [WinError 10054] Удаленный хост принудительно разорвал существующее подключение
2026-06-05 00:59:48,731 [INFO] core.incremental_trainer: Предложена разметка: 20260605_005948_5_10.00_person.jpg (консенсус 100%)
2026-06-05 00:59:48,851 [INFO] core.incremental_trainer: Предложена разметка: 20260605_005948_2_1.00_person.jpg (консенсус 100%)
2026-06-05 00:59:49,488 [INFO] core.incremental_trainer: Предложена разметка: 20260605_005949_7_10.00_person.jpg (консенсус 100%)
2026-06-05 00:59:49,864 [INFO] core.incremental_trainer: Предложена разметка: 20260605_005949_7_10.00_person.jpg (консенсус 100%)
2026-06-05 00:59:50,284 [INFO] core.incremental_trainer: Предложена разметка: 20260605_005950_7_10.00_person.jpg (консенсус 100%)
2026-06-05 00:59:50,952 [INFO] core.incremental_trainer: Предложена разметка: 20260605_005950_2_1.00_person.jpg (консенсус 100%)
2026-06-05 00:59:51,039 [INFO] core.incremental_trainer: Предложена разметка: 20260605_005951_7_10.00_person.jpg (консенсус 100%)
2026-06-05 00:59:51,671 [INFO] core.anomaly_detector: АНОМАЛИЯ: человек без авто ID=2, 60 сек
2026-06-05 00:59:51,688 [INFO] __main__: Событие: Человек без автомобиля | зона=None | person ID:2 conf:0.9
2026-06-05 00:59:51,788 [INFO] core.incremental_trainer: Предложена разметка: 20260605_005951_7_10.00_person.jpg (консенсус 100%)
2026-06-05 00:59:53,206 [INFO] core.rtsp_manager: RTSPManager: источник изменён -> 0
2026-06-05 01:46:11,981 [INFO] core.rtsp_manager: RTSPManager: подключение к [0]
2026-06-05 01:46:11,981 [INFO] core.rtsp_manager: RTSPManager: запущен [0]
2026-06-05 01:46:11,984 [INFO] __main__: Поток захвата запущен
2026-06-05 01:46:11,984 [INFO] __main__: Сервер запущен
2026-06-05 01:46:17,066 [INFO] core.rtsp_manager: RTSPManager: подключено FPS=30.0 [0]
2026-06-05 01:46:23,106 [INFO] core.anomaly_detector: AnomalyDetector: состояние сброшено
2026-06-05 01:46:31,992 [INFO] core.anomaly_detector: AnomalyDetector: состояние сброшено
2026-06-05 01:46:32,848 [INFO] core.anomaly_detector: AnomalyDetector: состояние сброшено
2026-06-05 01:46:37,348 [INFO] core.anomaly_detector: AnomalyDetector: состояние сброшено
2026-06-05 01:46:39,290 [INFO] core.anomaly_detector: AnomalyDetector: состояние сброшено
2026-06-05 01:46:59,303 [INFO] __main__: Файл загружен: data/uploads\upload_1780598819.mp4 (11.3 МБ)
2026-06-05 01:46:59,796 [INFO] core.rtsp_manager: RTSPManager: источник изменён -> data/uploads\upload_1780598819.mp4
2026-06-05 01:47:09,389 [INFO] core.rtsp_manager: RTSPManager: подключение к [data/uploads\upload_1780598819.mp4]
2026-06-05 01:47:09,800 [INFO] core.anomaly_detector: AnomalyDetector: состояние сброшено
2026-06-05 01:47:09,849 [INFO] core.rtsp_manager: RTSPManager: подключено FPS=30.0 [data/uploads\upload_1780598819.mp4]
2026-06-05 01:47:11,393 [INFO] core.incremental_trainer: Предложена разметка: 20260605_014711_5_1.00_person.jpg (консенсус 100%)
2026-06-05 01:47:16,006 [INFO] core.incremental_trainer: Предложена разметка: 20260605_014715_5_1.00_person.jpg (консенсус 100%)
2026-06-05 01:47:18,194 [INFO] core.incremental_trainer: Предложена разметка: 20260605_014718_7_1.00_person.jpg (консенсус 100%)
2026-06-05 01:47:18,626 [INFO] core.anomaly_detector: AnomalyDetector: состояние сброшено
2026-06-05 01:47:19,827 [INFO] core.anomaly_detector: AnomalyDetector: состояние сброшено
2026-06-05 01:47:23,662 [ERROR] asyncio: Exception in callback _ProactorBasePipeTransport._call_connection_lost(None)
handle: <Handle _ProactorBasePipeTransport._call_connection_lost(None)>
Traceback (most recent call last):
  File "C:\Users\nkoro\AppData\Local\Programs\Python\Python310\lib\asyncio\events.py", line 80, in _run
    self._context.run(self._callback, *self._args)
  File "C:\Users\nkoro\AppData\Local\Programs\Python\Python310\lib\asyncio\proactor_events.py", line 165, in _call_connection_lost
    self._sock.shutdown(socket.SHUT_RDWR)
ConnectionResetError: [WinError 10054] Удаленный хост принудительно разорвал существующее подключение
2026-06-05 01:47:52,412 [ERROR] asyncio: Exception in callback _ProactorBasePipeTransport._call_connection_lost(None)
handle: <Handle _ProactorBasePipeTransport._call_connection_lost(None)>
Traceback (most recent call last):
  File "C:\Users\nkoro\AppData\Local\Programs\Python\Python310\lib\asyncio\events.py", line 80, in _run
    self._context.run(self._callback, *self._args)
  File "C:\Users\nkoro\AppData\Local\Programs\Python\Python310\lib\asyncio\proactor_events.py", line 165, in _call_connection_lost
    self._sock.shutdown(socket.SHUT_RDWR)
ConnectionResetError: [WinError 10054] Удаленный хост принудительно разорвал существующее подключение
2026-06-05 10:27:37,412 [INFO] core.rtsp_manager: RTSPManager: подключение к [0]
2026-06-05 10:27:37,412 [INFO] core.rtsp_manager: RTSPManager: запущен [0]
2026-06-05 10:27:37,415 [INFO] __main__: Поток захвата запущен
2026-06-05 10:27:37,416 [INFO] __main__: Сервер запущен
2026-06-05 10:27:42,418 [INFO] core.rtsp_manager: RTSPManager: подключено FPS=30.0 [0] (пейсинг=выкл)
2026-06-05 10:27:48,163 [INFO] core.anomaly_detector: AnomalyDetector: состояние сброшено
2026-06-05 10:27:52,735 [INFO] core.anomaly_detector: AnomalyDetector: состояние сброшено
2026-06-05 10:27:53,740 [INFO] core.anomaly_detector: AnomalyDetector: состояние сброшено
2026-06-05 10:27:59,241 [INFO] __main__: Файл загружен: data/uploads\upload_1780630079.mp4 (11.3 МБ)
2026-06-05 10:27:59,562 [INFO] core.rtsp_manager: RTSPManager: источник изменён -> data/uploads\upload_1780630079.mp4
2026-06-05 10:28:09,288 [INFO] core.rtsp_manager: RTSPManager: подключение к [data/uploads\upload_1780630079.mp4]
2026-06-05 10:28:09,481 [INFO] core.rtsp_manager: RTSPManager: подключено FPS=30.0 [data/uploads\upload_1780630079.mp4] (пейсинг=вкл)
2026-06-05 10:28:34,574 [INFO] core.rtsp_manager: RTSPManager: источник изменён -> 1
2026-06-05 10:28:34,574 [INFO] core.rtsp_manager: RTSPManager: подключение к [1]
2026-06-05 10:28:34,576 [INFO] __main__: Источник видео изменён: 1
2026-06-05 10:28:34,655 [WARNING] core.rtsp_manager: RTSPManager: попытка 1 провалена, пауза 1 с
2026-06-05 10:28:35,663 [INFO] core.rtsp_manager: RTSPManager: подключение к [1]
2026-06-05 10:28:35,716 [WARNING] core.rtsp_manager: RTSPManager: попытка 2 провалена, пауза 2 с
2026-06-05 10:28:36,473 [INFO] core.rtsp_manager: RTSPManager: источник изменён -> 2
2026-06-05 10:28:36,473 [INFO] core.rtsp_manager: RTSPManager: подключение к [2]
2026-06-05 10:28:36,491 [INFO] __main__: Источник видео изменён: 2
2026-06-05 10:28:36,539 [WARNING] core.rtsp_manager: RTSPManager: попытка 3 провалена, пауза 4 с
2026-06-05 10:28:38,026 [INFO] core.rtsp_manager: RTSPManager: источник изменён -> 0
2026-06-05 10:28:38,026 [INFO] core.rtsp_manager: RTSPManager: подключение к [0]
2026-06-05 10:28:38,040 [INFO] __main__: Источник видео изменён: 0
2026-06-05 10:28:39,249 [INFO] core.rtsp_manager: RTSPManager: источник изменён -> 1
2026-06-05 10:28:39,260 [INFO] __main__: Источник видео изменён: 1
2026-06-05 10:28:41,516 [WARNING] core.rtsp_manager: RTSPManager: попытка 4 провалена, пауза 8 с
2026-06-05 10:28:41,516 [INFO] core.rtsp_manager: RTSPManager: подключение к [1]
2026-06-05 10:28:41,581 [WARNING] core.rtsp_manager: RTSPManager: попытка 5 провалена, пауза 16 с
2026-06-05 10:28:57,589 [INFO] core.rtsp_manager: RTSPManager: подключение к [1]
2026-06-05 10:28:57,646 [WARNING] core.rtsp_manager: RTSPManager: попытка 6 провалена, пауза 30 с
2026-06-05 10:29:27,658 [INFO] core.rtsp_manager: RTSPManager: подключение к [1]
2026-06-05 10:29:27,709 [WARNING] core.rtsp_manager: RTSPManager: попытка 7 провалена, пауза 30 с
2026-06-05 10:29:49,233 [INFO] core.rtsp_manager: RTSPManager: подключение к [1]
2026-06-05 10:29:49,234 [INFO] core.rtsp_manager: RTSPManager: запущен [1]
2026-06-05 10:29:49,236 [INFO] __main__: Поток захвата запущен
2026-06-05 10:29:49,237 [INFO] __main__: Сервер запущен
2026-06-05 10:29:49,298 [WARNING] core.rtsp_manager: RTSPManager: попытка 1 провалена, пауза 1 с
2026-06-05 10:29:50,304 [INFO] core.rtsp_manager: RTSPManager: подключение к [1]
2026-06-05 10:29:50,348 [WARNING] core.rtsp_manager: RTSPManager: попытка 2 провалена, пауза 2 с
2026-06-05 10:29:52,355 [INFO] core.rtsp_manager: RTSPManager: подключение к [1]
2026-06-05 10:29:52,403 [WARNING] core.rtsp_manager: RTSPManager: попытка 3 провалена, пауза 4 с
2026-06-05 10:29:54,980 [INFO] __main__: Сервер останавливается...
2026-06-05 10:29:54,980 [INFO] core.rtsp_manager: RTSPManager: остановлен
2026-06-05 10:29:54,996 [INFO] __main__: Сервер остановлен
2026-06-05 10:29:57,719 [INFO] core.rtsp_manager: RTSPManager: подключение к [1]
2026-06-05 10:29:57,768 [WARNING] core.rtsp_manager: RTSPManager: попытка 8 провалена, пауза 30 с
2026-06-05 10:30:27,772 [INFO] core.rtsp_manager: RTSPManager: подключение к [1]
2026-06-05 10:30:27,817 [WARNING] core.rtsp_manager: RTSPManager: попытка 9 провалена, пауза 30 с
2026-06-05 10:31:02,536 [INFO] core.rtsp_manager: RTSPManager: подключение к [1]
2026-06-05 10:31:02,536 [INFO] core.rtsp_manager: RTSPManager: запущен [1]
2026-06-05 10:31:02,538 [INFO] __main__: Поток захвата запущен
2026-06-05 10:31:02,539 [INFO] __main__: Сервер запущен
2026-06-05 10:31:02,600 [WARNING] core.rtsp_manager: RTSPManager: попытка 1 провалена, пауза 1 с
2026-06-05 10:31:03,616 [INFO] core.rtsp_manager: RTSPManager: подключение к [1]
2026-06-05 10:31:03,667 [WARNING] core.rtsp_manager: RTSPManager: попытка 2 провалена, пауза 2 с
2026-06-05 10:31:05,676 [INFO] core.rtsp_manager: RTSPManager: подключение к [1]
2026-06-05 10:31:05,728 [WARNING] core.rtsp_manager: RTSPManager: попытка 3 провалена, пауза 4 с
2026-06-05 10:31:09,732 [INFO] core.rtsp_manager: RTSPManager: подключение к [1]
2026-06-05 10:31:09,776 [WARNING] core.rtsp_manager: RTSPManager: попытка 4 провалена, пауза 8 с
2026-06-05 10:31:17,779 [INFO] core.rtsp_manager: RTSPManager: подключение к [1]
2026-06-05 10:31:17,826 [WARNING] core.rtsp_manager: RTSPManager: попытка 5 провалена, пауза 16 с
2026-06-05 10:31:33,843 [INFO] core.rtsp_manager: RTSPManager: подключение к [1]
2026-06-05 10:31:33,895 [WARNING] core.rtsp_manager: RTSPManager: попытка 6 провалена, пауза 30 с
2026-06-05 10:32:03,905 [INFO] core.rtsp_manager: RTSPManager: подключение к [1]
2026-06-05 10:32:03,972 [WARNING] core.rtsp_manager: RTSPManager: попытка 7 провалена, пауза 30 с
2026-06-05 10:32:33,981 [INFO] core.rtsp_manager: RTSPManager: подключение к [1]
